// Jest Snapshot v1, https://goo.gl/fbAQLP

exports[`Prueba del componente CouterApp debe mostrar <CounterApp /> correctamente  1`] = `
<div>
  <h1>
    Counter App
  </h1>
  <h2>
    10
  </h2>
  <button
    onClick={[Function]}
  >
    ADD
  </button>
  <button
    onClick={[Function]}
  >
    RESET
  </button>
  <button
    onClick={[Function]}
  >
    REMOVE
  </button>
</div>
`;
