// Jest Snapshot v1, https://goo.gl/fbAQLP

exports[`Pruebas para el archivo HookApp.js Deberia mostrar el componente <HookApp /> correctamente 1`] = `
<div>
  <h1>
    Hook App
  </h1>
</div>
`;
