// Jest Snapshot v1, https://goo.gl/fbAQLP

exports[`Pruebas de componente PrimeraApp debe de mostar <Primera /> correctamente 1`] = `
<div>
  <h1>
    Hola, soy Goku
  </h1>
  <p>
    Soy un subtitulo
  </p>
</div>
`;
