// Jest Snapshot v1, https://goo.gl/fbAQLP

exports[`Pruebas en <AppRouter /> debe de mostrarse correctamente 1`] = `
<div>
  <nav
    className="navbar navbar-expand-sm navbar-light bg-light"
  >
    <div
      className="container-fluid"
    >
      <a
        className="navbar-brand"
        href="/"
        onClick={[Function]}
      >
        UseContext
      </a>
      <div
        className="collapse navbar-collapse"
        id="navbarNavAltMarkup"
      >
        <div
          className="navbar-nav"
        >
          <a
            aria-current="page"
            className="nav-link active"
            href="/"
            onClick={[Function]}
            style={Object {}}
          >
            Home
          </a>
          <a
            aria-current={null}
            className="nav-link"
            href="/about"
            onClick={[Function]}
          >
            Abount
          </a>
          <a
            aria-current={null}
            className="nav-link"
            href="/login"
            onClick={[Function]}
          >
            Login
          </a>
        </div>
      </div>
    </div>
  </nav>
  <div
    className="container"
  >
    <div>
      <h1>
        Home Screen
      </h1>
      <hr />
      <pre
        className="conteiner"
      >
        {
    "id": 1,
    "name": "Julian"
}
      </pre>
    </div>
  </div>
</div>
`;
