// Jest Snapshot v1, https://goo.gl/fbAQLP

exports[`Pruebas en <HomeScreen /> debe de mostrarse correctamente 1`] = `
<div>
  <h1>
    Home Screen
  </h1>
  <hr />
  <pre
    className="conteiner"
  >
    {
    "name": "Julian",
    "email": "jcanocarballo@gmail.com"
}
  </pre>
</div>
`;
