// Jest Snapshot v1, https://goo.gl/fbAQLP

exports[`Prueba de componente <AddCategory /> debe mostrar el componente correctamente 1`] = `
<form
  onSubmit={[Function]}
>
  <input
    onChange={[Function]}
    type="text"
    value=""
  />
</form>
`;
