// Jest Snapshot v1, https://goo.gl/fbAQLP

exports[`Pruebas del archivo GifGrid ebe mostrar el componente <GifGrid /> correctamente  1`] = `
<Fragment>
  <h3
    className="animate__animated animate__fadeIn"
  >
    hola mundo
  </h3>
  <div
    className="card-grid"
  />
</Fragment>
`;
